9 9 9 9 9 9 9 9 9 9 2 9 9 9 1 6 1 1 6 6 
6 2 2 1 9 6 9 1 2 6 9 2 2 9 6 1 6 2 9 2 
1 2 2 1 2 9 6 6 1 6 9 6 9 2 1 2 2 2 6 9 
2 9 1 1 6 9 6 9 1 1 6 2 6 1 9 1 2 2 2 1 
2 6 1 2 1 2 1 6 6 1 6 9 6 9 1 1 9 2 9 1 
1 9 1 1 2 9 1 1 2 6 1 1 1 9 1 9 6 6 9 6 
6 9 1 1 6 9 1 1 2 6 6 2 2 9 9 1 6 1 2 2 
2 1 1 6 6 2 9 2 2 6 9 2 9 9 6 9 9 1 1 9 
2 2 9 1 9 9 9 1 9 1 1 2 9 6 2 1 9 6 9 9 
9 1 1 6 9 1 9 1 6 1 6 1 1 6 6 6 2 6 2 1 
2 6 6 6 6 6 6 6 6 6 1 6 6 6 6 1 1 9 9 2 
1 6 9 9 9 9 2 6 6 2 2 2 6 2 9 6 9 9 6 2 
2 2 1 2 9 2 2 1 1 9 6 2 1 1 9 9 1 2 1 6 
2 9 1 1 9 9 6 9 9 2 1 9 6 2 2 1 6 1 9 1 
9 1 6 6 1 2 6 2 1 1 1 2 9 9 6 9 1 9 1 1 
6 1 1 6 2 2 9 6 1 6 6 6 9 1 2 1 1 2 2 9 
9 9 6 2 2 1 9 1 9 9 9 9 9 1 1 6 2 1 2 6 
9 9 9 2 2 1 9 6 1 6 6 9 1 2 1 6 6 9 2 2 
6 9 2 9 1 2 9 1 6 1 6 6 1 9 2 6 9 6 6 2 
2 6 9 1 6 1 9 6 9 1 2 2 6 1 2 9 1 1 2 6 
